[fsefsvvsffdseeeesfffee.blogspot.com/index.html]
[backblue.gif]
[fade.gif]
[index.html]
[fsefsvvsffdseeeesfffee.blogspot.com/favicon.ico]
[fsefsvvsffdseeeesfffee.blogspot.com/feeds/posts/default]
[fsefsvvsffdseeeesfffee.blogspot.com/feeds/posts/default9522]
[ajax.googleapis.com/ajax/libs/jquery/3.3.1/jquery.min.js]
[cdn.statically.io/gh/TaufiqHdyt/CDN/fd1ce28b/font-awesome-5-pro/css/all.min.css]
[2.bp.blogspot.com/-fjaZBtfvzac/UN1mw2tUamI/AAAAAAAADkc/XdKqt8hWZ6w/s1600/anon.jpg]
[4.bp.blogspot.com/-cmZSAe4hgWI/V0K-3C5xiHI/AAAAAAAAG90/2btatUgRsM4qf8HIc7QweuToTkRqRNeuACLcB/s1600/delete.png]
[2.bp.blogspot.com/-YSikWHcgmBQ/YhI_hewcPpI/AAAAAAAAACo/8cryS27LrksufIeoo3YKu27uwkK_ef0bgCK4BGAYYCw/s113/pexels-pixabay-220453.jpg]
[fsefsvvsffdseeeesfffee.blogspot.com/2023/03/see-full-video-settimeoutfunction-window_88.html]
[blogger.googleusercontent.com/img/b/R29vZ2xl/AVvXsEgWk8EH7o1cpxFSa-ByXLXpmKkcUizjFw0DGkJhpLY/w640-h382/Untitled design (3) (25).png]
[fsefsvvsffdseeeesfffee.blogspot.com/2023/03/see-full-video-settimeoutfunction-window_3.html]
[blogger.googleusercontent.com/img/b/R29vZ2xl/AVvXsEiL3mU0sXOSH2g_n_PTW9peVs7xDFleLpRzl34HzSV/w640-h382/Untitled design (3) (26).png]
[fsefsvvsffdseeeesfffee.blogspot.com/2023/03/watch-now-settimeoutfunction-window_48.html]
[blogger.googleusercontent.com/img/b/R29vZ2xl/AVvXsEiqoweGSXz-2Cthkf4VE3OtVQ4PlO1v294GG_4QMk2/w640-h382/Untitled design (3) (9).png]
[fsefsvvsffdseeeesfffee.blogspot.com/2023/03/watch-now-settimeoutfunction-window_70.html]
[blogger.googleusercontent.com/img/b/R29vZ2xl/AVvXsEi-tKL3z8tNtplLz_g3CeWqVZo-bP_gOd4CuGA3LU0/w640-h382/Untitled design (3) (8).png]
[fsefsvvsffdseeeesfffee.blogspot.com/2023/03/watched-full-videos-settimeoutfunction_3.html]
[blogger.googleusercontent.com/img/b/R29vZ2xl/AVvXsEgjaLiN3MQlMx97jNx0mPOh1VPOPn36HWco0e_OjG2/w640-h382/Untitled design (3) (7).png]
[fsefsvvsffdseeeesfffee.blogspot.com/2023/03/watched-full-videos-settimeoutfunction.html]
[blogger.googleusercontent.com/img/b/R29vZ2xl/AVvXsEj5lARYWmXkL2C03v_aH7yIHCQPk1I-jnfOjqcwYlZ/w640-h382/Untitled design (3) (17).png]
[fsefsvvsffdseeeesfffee.blogspot.com/2023/03/see-full-video-settimeoutfunction-window.html]
[blogger.googleusercontent.com/img/b/R29vZ2xl/AVvXsEi9zKZoaykr0FOnLBNCk6OdGN9T9wuGSToHeyw_aAG/w640-h382/Untitled design (3) (14).png]
[fsefsvvsffdseeeesfffee.blogspot.com/search973c.html]
[www.blogger.com/static/v1/widgets/2492653901-widgets.js]
[fsefsvvsffdseeeesfffee.blogspot.com/index.html]
[cdn.statically.io/gh/TaufiqHdyt/CDN/fd1ce28b/font-awesome-5-pro/css/all.min.css]
[www.blogger.com/dyn-css/authorization8d61.css]
[fsefsvvsffdseeeesfffee.blogspot.com/1o_/2y.V.1L/2z/index.html]
[fsefsvvsffdseeeesfffee.blogspot.com/feeds/3343296304068575382/comments/default]
[3.bp.blogspot.com/-fr42e67HG4I/Vky8HLexiEI/AAAAAAAAM0I/MLMd2qwIH1E/s1600/avatar.png]
[blogger.googleusercontent.com/img/b/R29vZ2xl/AVvXsEgWk8EH7o1cpxFSa-ByXLXpmKkcUizjFw0DGkJhpLY/s1200/Untitled design (3) (25).png]
[blogger.googleusercontent.com/img/b/R29vZ2xl/AVvXsEh-0yAQhIkv6O4T1rFMv8PbiK_zBLICUPBvLy_poIO/s1280/IMG_20230227_144838_950.jpg]
[blogger.googleusercontent.com/img/b/R29vZ2xl/AVvXsEh-0yAQhIkv6O4T1rFMv8PbiK_zBLICUPBvLy_poIO/w438-h640/IMG_20230227_144838_950.jpg]
[blogger.googleusercontent.com/img/b/R29vZ2xl/AVvXsEi2-eLoEB8Z7-j3lWoPSO3RmHdH2ieBOFKxv1k_tNV/s1280/IMG_20230227_144850_332.jpg]
[blogger.googleusercontent.com/img/b/R29vZ2xl/AVvXsEi2-eLoEB8Z7-j3lWoPSO3RmHdH2ieBOFKxv1k_tNV/w440-h640/IMG_20230227_144850_332.jpg]
[www.blogger.com/static/v1/jsbin/976584016-comment_from_post_iframe.js]
[cdn.jsdelivr.net/gh/twitter/twemoji@v11.0.0/36x36/1f600.png]
[cdn.jsdelivr.net/gh/twitter/twemoji@v11.0.0/36x36/1f615.png]
[cdn.jsdelivr.net/gh/twitter/twemoji@v11.0.0/36x36/1f601.png]
[cdn.jsdelivr.net/gh/twitter/twemoji@v11.0.0/36x36/1f60f.png]
[cdn.jsdelivr.net/gh/twitter/twemoji@v11.0.0/36x36/1f603.png]
[cdn.jsdelivr.net/gh/twitter/twemoji@v11.0.0/36x36/1f62c.png]
[cdn.jsdelivr.net/gh/twitter/twemoji@v11.0.0/36x36/1f604.png]
[cdn.jsdelivr.net/gh/twitter/twemoji@v11.0.0/36x36/1f61e.png]
[cdn.jsdelivr.net/gh/twitter/twemoji@v11.0.0/36x36/1f62d.png]
[cdn.jsdelivr.net/gh/twitter/twemoji@v11.0.0/36x36/1f616.png]
[cdn.jsdelivr.net/gh/twitter/twemoji@v11.0.0/36x36/1f61c.png]
[cdn.jsdelivr.net/gh/twitter/twemoji@v11.0.0/36x36/1f62e.png]
[cdn.jsdelivr.net/gh/twitter/twemoji@v11.0.0/36x36/1f606.png]
[cdn.jsdelivr.net/gh/twitter/twemoji@v11.0.0/36x36/1f609.png]
[cdn.jsdelivr.net/gh/twitter/twemoji@v11.0.0/36x36/1f614.png]
[cdn.jsdelivr.net/gh/twitter/twemoji@v11.0.0/36x36/1f619.png]
[cdn.jsdelivr.net/gh/twitter/twemoji@v11.0.0/36x36/1f625.png]
[cdn.jsdelivr.net/gh/twitter/twemoji@v11.0.0/36x36/1f620.png]
[cdn.jsdelivr.net/gh/twitter/twemoji@v11.0.0/36x36/1f60e.png]
[cdn.jsdelivr.net/gh/twitter/twemoji@v11.0.0/36x36/1f624.png]
[cdn.jsdelivr.net/gh/twitter/twemoji@v11.0.0/36x36/1f634.png]
[cdn.jsdelivr.net/gh/twitter/twemoji@v11.0.0/36x36/1f635.png]
[cdn.jsdelivr.net/gh/twitter/twemoji@v11.0.0/36x36/1f637.png]
[cdn.jsdelivr.net/gh/twitter/twemoji@v11.0.0/36x36/1f35c.png]
[cdn.jsdelivr.net/gh/twitter/twemoji@v11.0.0/36x36/1f60d.png]
[cdn.jsdelivr.net/gh/twitter/twemoji@v11.0.0/36x36/1f496.png]
[fsefsvvsffdseeeesfffee.blogspot.com/2023/03/see-full-video-settimeoutfunction-window_88.html]
[fsefsvvsffdseeeesfffee.blogspot.com/2023/03/1o_/2y.V.1L/2z/index.html]
[fsefsvvsffdseeeesfffee.blogspot.com/2I-c/index.html]
[fsefsvvsffdseeeesfffee.blogspot.com/feeds/2176898938519294568/comments/default]
[blogger.googleusercontent.com/img/b/R29vZ2xl/AVvXsEiL3mU0sXOSH2g_n_PTW9peVs7xDFleLpRzl34HzSV/s1200/Untitled design (3) (26).png]
[blogger.googleusercontent.com/img/b/R29vZ2xl/AVvXsEgMYEjH2-35KFXzNmGm77Jn528ZZyMpQua6y7DrNRw/s1280/IMG_20230227_144853_010.jpg]
[blogger.googleusercontent.com/img/b/R29vZ2xl/AVvXsEgMYEjH2-35KFXzNmGm77Jn528ZZyMpQua6y7DrNRw/w438-h640/IMG_20230227_144853_010.jpg]
[blogger.googleusercontent.com/img/b/R29vZ2xl/AVvXsEgGHSNCBNvbCbMJoc5ZtkFy4_7bNguagaE5Rqwdocc/s1280/IMG_20230227_144854_593.jpg]
[blogger.googleusercontent.com/img/b/R29vZ2xl/AVvXsEgGHSNCBNvbCbMJoc5ZtkFy4_7bNguagaE5Rqwdocc/w444-h640/IMG_20230227_144854_593.jpg]
[fsefsvvsffdseeeesfffee.blogspot.com/2023/03/see-full-video-settimeoutfunction-window_3.html]
[fsefsvvsffdseeeesfffee.blogspot.com/feeds/4340446614871338603/comments/default]
[blogger.googleusercontent.com/img/b/R29vZ2xl/AVvXsEiqoweGSXz-2Cthkf4VE3OtVQ4PlO1v294GG_4QMk2/s1200/Untitled design (3) (9).png]
[blogger.googleusercontent.com/img/b/R29vZ2xl/AVvXsEihmi71bHHWhtxqvSsC9HR_-MJPSRZTPfVYIqPx1s1/s1280/IMG_20230226_141754_717.jpg]
[blogger.googleusercontent.com/img/b/R29vZ2xl/AVvXsEihmi71bHHWhtxqvSsC9HR_-MJPSRZTPfVYIqPx1s1/w444-h640/IMG_20230226_141754_717.jpg]
[blogger.googleusercontent.com/img/b/R29vZ2xl/AVvXsEh2U8yT-ApNxNmn0UieZtYUxXIU1nWpoiwqQwMY0_3/s1280/IMG_20230226_141849_330.jpg]
[blogger.googleusercontent.com/img/b/R29vZ2xl/AVvXsEh2U8yT-ApNxNmn0UieZtYUxXIU1nWpoiwqQwMY0_3/w394-h640/IMG_20230226_141849_330.jpg]
[fsefsvvsffdseeeesfffee.blogspot.com/2023/03/watch-now-settimeoutfunction-window_48.html]
[fsefsvvsffdseeeesfffee.blogspot.com/feeds/1395977411418735757/comments/default]
[blogger.googleusercontent.com/img/b/R29vZ2xl/AVvXsEi-tKL3z8tNtplLz_g3CeWqVZo-bP_gOd4CuGA3LU0/s1200/Untitled design (3) (8).png]
[blogger.googleusercontent.com/img/b/R29vZ2xl/AVvXsEjlE4MPOmw9QP8FHADWRHSGqTCZkonjEDiArrfZGA8/s1280/IMG_20230227_073011_370.jpg]
[blogger.googleusercontent.com/img/b/R29vZ2xl/AVvXsEjlE4MPOmw9QP8FHADWRHSGqTCZkonjEDiArrfZGA8/w382-h640/IMG_20230227_073011_370.jpg]
[blogger.googleusercontent.com/img/b/R29vZ2xl/AVvXsEguVHZaOQYT4b-cMtbmXrel7s6oBVOoPRoDthKG8Sv/s1280/IMG_20230227_071513_397.jpg]
[blogger.googleusercontent.com/img/b/R29vZ2xl/AVvXsEguVHZaOQYT4b-cMtbmXrel7s6oBVOoPRoDthKG8Sv/w414-h640/IMG_20230227_071513_397.jpg]
[fsefsvvsffdseeeesfffee.blogspot.com/2023/03/watch-now-settimeoutfunction-window_70.html]
[fsefsvvsffdseeeesfffee.blogspot.com/feeds/2755461870319244068/comments/default]
[blogger.googleusercontent.com/img/b/R29vZ2xl/AVvXsEgjaLiN3MQlMx97jNx0mPOh1VPOPn36HWco0e_OjG2/s1200/Untitled design (3) (7).png]
[blogger.googleusercontent.com/img/b/R29vZ2xl/AVvXsEgo1MT8CMo23tdfz8ACVO3wbWPwfuHwPl6xA4DRGQC/s1280/IMG_20230227_073016_294.jpg]
[blogger.googleusercontent.com/img/b/R29vZ2xl/AVvXsEgo1MT8CMo23tdfz8ACVO3wbWPwfuHwPl6xA4DRGQC/w442-h640/IMG_20230227_073016_294.jpg]
[blogger.googleusercontent.com/img/b/R29vZ2xl/AVvXsEgfuxi0qz-8islc56qdKAiS3UZrgfHf2rNYAm1aJ8y/s1280/IMG_20230227_071526_957.jpg]
[blogger.googleusercontent.com/img/b/R29vZ2xl/AVvXsEgfuxi0qz-8islc56qdKAiS3UZrgfHf2rNYAm1aJ8y/w438-h640/IMG_20230227_071526_957.jpg]
[fsefsvvsffdseeeesfffee.blogspot.com/2023/03/watched-full-videos-settimeoutfunction_3.html]
[fsefsvvsffdseeeesfffee.blogspot.com/feeds/7908538933041194925/comments/default]
[blogger.googleusercontent.com/img/b/R29vZ2xl/AVvXsEj5lARYWmXkL2C03v_aH7yIHCQPk1I-jnfOjqcwYlZ/s1200/Untitled design (3) (17).png]
[blogger.googleusercontent.com/img/b/R29vZ2xl/AVvXsEjfN3aJIFsdGrRPPR9_JzVqv29wYpULY7Apkkak147/s1080/IMG_20230223_235028_749.jpg]
[blogger.googleusercontent.com/img/b/R29vZ2xl/AVvXsEjfN3aJIFsdGrRPPR9_JzVqv29wYpULY7Apkkak147/w640-h426/IMG_20230223_235028_749.jpg]
[blogger.googleusercontent.com/img/b/R29vZ2xl/AVvXsEhOPXZaLVnTMewMwi8CODdvsqt7K6AgiX7ky9L38eq/s1080/IMG_20230223_235029_502.jpg]
[blogger.googleusercontent.com/img/b/R29vZ2xl/AVvXsEhOPXZaLVnTMewMwi8CODdvsqt7K6AgiX7ky9L38eq/w640-h426/IMG_20230223_235029_502.jpg]
[blogger.googleusercontent.com/img/b/R29vZ2xl/AVvXsEj8Qsa9uOA0F5PJSYOHuP-ukONL6au4WR1Kk-CuPum/s1280/IMG_20230224_085703_187.jpg]
[blogger.googleusercontent.com/img/b/R29vZ2xl/AVvXsEj8Qsa9uOA0F5PJSYOHuP-ukONL6au4WR1Kk-CuPum/w428-h640/IMG_20230224_085703_187.jpg]
[fsefsvvsffdseeeesfffee.blogspot.com/2023/03/watched-full-videos-settimeoutfunction.html]
[fsefsvvsffdseeeesfffee.blogspot.com/feeds/2262611072443544007/comments/default]
[blogger.googleusercontent.com/img/b/R29vZ2xl/AVvXsEi9zKZoaykr0FOnLBNCk6OdGN9T9wuGSToHeyw_aAG/s1200/Untitled design (3) (14).png]
[blogger.googleusercontent.com/img/b/R29vZ2xl/AVvXsEg_6Fs7LAlvMIhJIwmLYGaXmc1DYi2MdDshzeIhvXS/s1219/IMG_20230224_085732_443.jpg]
[blogger.googleusercontent.com/img/b/R29vZ2xl/AVvXsEg_6Fs7LAlvMIhJIwmLYGaXmc1DYi2MdDshzeIhvXS/w398-h640/IMG_20230224_085732_443.jpg]
[blogger.googleusercontent.com/img/b/R29vZ2xl/AVvXsEhabgiazFohycVroMFcPI_jyae3CF9ZhsMnrAm5rL1/s1192/IMG_20230224_085732_137.jpg]
[blogger.googleusercontent.com/img/b/R29vZ2xl/AVvXsEhabgiazFohycVroMFcPI_jyae3CF9ZhsMnrAm5rL1/w458-h640/IMG_20230224_085732_137.jpg]
[fsefsvvsffdseeeesfffee.blogspot.com/2023/03/see-full-video-settimeoutfunction-window.html]
[fsefsvvsffdseeeesfffee.blogspot.com/2023/03/watch-now-settimeoutfunction-window.html]
[blogger.googleusercontent.com/img/b/R29vZ2xl/AVvXsEj2Q1YVErhfebSb-vflmtxhD_ZRHLDQUtlPU5Lfobm/w640-h382/Untitled design (3) (11).png]
[fsefsvvsffdseeeesfffee.blogspot.com/2023/03/see-hot-video-settimeoutfunction-window.html]
[blogger.googleusercontent.com/img/b/R29vZ2xl/AVvXsEhWtCOtiX8HH-qR1IBl3d6SEEJTOgwpZz8VjS1gvl4/w640-h382/Untitled design (3) (2).png]
[fsefsvvsffdseeeesfffee.blogspot.com/search973c.html]
[fsefsvvsffdseeeesfffee.blogspot.com/1o_/2y.V.1L/2z/index.html]
[pinterest.com/pin/create/button/indexc835.html]
[fsefsvvsffdseeeesfffee.blogspot.com/2I-c/index.html]
[fsefsvvsffdseeeesfffee.blogspot.com/2023/03/1o_/2y.V.1L/2z/index.html]
[www.blogger.com/dyn-css/authorization11d3.css]
[fsefsvvsffdseeeesfffee.blogspot.com/search7f9d.html]
[www.blogger.com/dyn-css/authorization0f4b.css]
[pinterest.com/pin/create/button/indexf25e.html]
[pinterest.com/pin/create/button/index1a1f.html]
[www.pinterest.com/pin/create/button/index140c.html]
[www.pinterest.com/pin/create/button/index656f.html]
[fsefsvvsffdseeeesfffee.blogspot.com/feeds/3989417265583132578/comments/default]
[blogger.googleusercontent.com/img/b/R29vZ2xl/AVvXsEj2Q1YVErhfebSb-vflmtxhD_ZRHLDQUtlPU5Lfobm/s1200/Untitled design (3) (11).png]
[blogger.googleusercontent.com/img/b/R29vZ2xl/AVvXsEglxOgp1gBF84rOwxpvAXoCWFDT5uYCb4Y67Mnd1jn/s604/IMG_20230226_134740_332.jpg]
[blogger.googleusercontent.com/img/b/R29vZ2xl/AVvXsEglxOgp1gBF84rOwxpvAXoCWFDT5uYCb4Y67Mnd1jn/w512-h640/IMG_20230226_134740_332.jpg]
[blogger.googleusercontent.com/img/b/R29vZ2xl/AVvXsEhDOaa0L1HiQTMk2YEeryIwAWqEtr7E2jyhE4cktdA/s759/IMG_20230224_101810_263.jpg]
[blogger.googleusercontent.com/img/b/R29vZ2xl/AVvXsEhDOaa0L1HiQTMk2YEeryIwAWqEtr7E2jyhE4cktdA/w366-h640/IMG_20230224_101810_263.jpg]
[fsefsvvsffdseeeesfffee.blogspot.com/2023/03/watch-now-settimeoutfunction-window.html]
[fsefsvvsffdseeeesfffee.blogspot.com/feeds/5218550139630776899/comments/default]
[blogger.googleusercontent.com/img/b/R29vZ2xl/AVvXsEhWtCOtiX8HH-qR1IBl3d6SEEJTOgwpZz8VjS1gvl4/s1200/Untitled design (3) (2).png]
[blogger.googleusercontent.com/img/b/R29vZ2xl/AVvXsEjJs3tuM4f-zy5KXXFsDTUo3QAu_tFwHKRUWwaUKrU/s1111/IMG_20230224_085651_349.jpg]
[blogger.googleusercontent.com/img/b/R29vZ2xl/AVvXsEjJs3tuM4f-zy5KXXFsDTUo3QAu_tFwHKRUWwaUKrU/w390-h640/IMG_20230224_085651_349.jpg]
[blogger.googleusercontent.com/img/b/R29vZ2xl/AVvXsEhtL0h3OrWrwPYblj6KEF3cAeJ4dhE2GQfYvhUFlm3/s1280/IMG_20230224_085651_667.jpg]
[blogger.googleusercontent.com/img/b/R29vZ2xl/AVvXsEhtL0h3OrWrwPYblj6KEF3cAeJ4dhE2GQfYvhUFlm3/w426-h640/IMG_20230224_085651_667.jpg]
[fsefsvvsffdseeeesfffee.blogspot.com/2023/03/see-hot-video-settimeoutfunction-window.html]
[fsefsvvsffdseeeesfffee.blogspot.com/2023/03/watch-now-settimeoutfunction-window_3.html]
[blogger.googleusercontent.com/img/b/R29vZ2xl/AVvXsEgRNoIuOvW6GKSjXjhF46CWXh72l7FnXTnBPXFkEiP/w640-h382/Untitled design (3) (8).png]
[fsefsvvsffdseeeesfffee.blogspot.com/search7f9d.html]
[s.pinimg.com/webapp/runtime-dfde32a052f754ee.js]
[s.pinimg.com/webapp/polyfills-2e69a2478c6ed9e3.js]
[s.pinimg.com/webapp/vendor-react-b38ed0527e582d29.js]
[s.pinimg.com/webapp/67419-ce1199f21ca3e25a.js]
[s.pinimg.com/webapp/8390-b231773b87e18349.js]
[s.pinimg.com/webapp/74870-b06b4232a2dfafbd.js]
[s.pinimg.com/webapp/24574-bfd2de8ae1385289.js]
[s.pinimg.com/webapp/52599-e63d621b16dc8e51.js]
[s.pinimg.com/webapp/76579-e3d8fb32584d359f.js]
[s.pinimg.com/webapp/23468-afdc0bb203e83b0c.js]
[s.pinimg.com/webapp/79996-98f4ea21b840da69.js]
[s.pinimg.com/webapp/www/pin/create/[method]-970fe631a7d290e5.js]
[s.pinimg.com/webapp/9500-b1452b8ccef412ab.js]
[s.pinimg.com/webapp/41153-43f7dd505ae5cb69.js]
[s.pinimg.com/webapp/98054-e558fb9605f56ab0.js]
[s.pinimg.com/webapp/82417-3f8d041b3d3c5aa8.js]
[s.pinimg.com/webapp/62533-65ebe5f68960fb46.js]
[s.pinimg.com/webapp/www/_client-mobile-3e4fa8913168c02d.js]
[s.pinimg.com/webapp/logo_trans_144x144-5e37c0c6.png]
[s.pinimg.com/webapp/favicon-56d11a6a.png]
[s.pinimg.com/webapp/86274-1cc7eceba6dc97e1.js]
[s.pinimg.com/webapp/www/[username]-mobile-42c6c4495124f2b5.js]
[s.pinimg.com/webapp/74755-98a005530986ff91.js]
[s.pinimg.com/webapp/23976-a164f9b1bf0b368c.js]
[s.pinimg.com/webapp/35634-a1978411ff741f92.js]
[s.pinimg.com/webapp/7835-bee9ea2cecb07951.js]
[s.pinimg.com/webapp/37537-59f0961b6fdb2b6b.js]
[s.pinimg.com/webapp/9393-bf81d16e9730a419.js]
[s.pinimg.com/webapp/19203-e6e3e967de7664b6.js]
[s.pinimg.com/webapp/84590-66bde89b3ff7bd87.js]
[s.pinimg.com/webapp/88495-dd63cf3145832132.js]
[s.pinimg.com/webapp/70563-5f588da1280d0788.js]
[s.pinimg.com/webapp/www/[username]/[slug]/invite-f12856a00c56b7a7.css]
[s.pinimg.com/webapp/34290-c678335ab9524368.js]
[s.pinimg.com/webapp/88144-29b7913ca9699897.js]
[s.pinimg.com/webapp/41007-c7a093d2229af90f.js]
[s.pinimg.com/webapp/50192-c7415e87b7f8efdf.js]
[s.pinimg.com/webapp/85913-c7701ef5a75a4b80.js]
[s.pinimg.com/webapp/www/[username]/scheduled-pin/[scheduled_pin_id]-0f332718251732f1.css]
[s.pinimg.com/webapp/28150-7e403f8c904b0f19.js]
[s.pinimg.com/webapp/54497-be66ccf69ac617ba.js]
[s.pinimg.com/webapp/90449-2312495a2b719938.js]
[s.pinimg.com/webapp/30049-ba1a5ae54e1d7668.js]
[s.pinimg.com/webapp/84022-cfce8fb017905116.js]
[s.pinimg.com/webapp/www/about/radtc-0f332718251732f1.css]
[s.pinimg.com/webapp/95038-d40a96cbd7667656.js]
[s.pinimg.com/webapp/10799-ccf14779b87e1431.js]
[s.pinimg.com/webapp/99956-3a2f43a0d8cb90e2.js]
[s.pinimg.com/webapp/55164-f0431f11dfd00e5f.js]
[s.pinimg.com/webapp/44722-9f163a5321763fbc.js]
[s.pinimg.com/webapp/91290-246d92a233216225.js]
[s.pinimg.com/webapp/38047-4c05a6925d0877ce.js]
[s.pinimg.com/webapp/25503-50f63787f5680b66.js]
[s.pinimg.com/webapp/68746-2c5606c633eb81c8.js]
[s.pinimg.com/webapp/75926-5e3fdee75fc13dd0.js]
[s.pinimg.com/webapp/www/business/ad_create-c9ddee13793c2693.css]
[s.pinimg.com/webapp/57182-06a16997d1b6e17d.js]
[s.pinimg.com/webapp/87776-6ab3b08ebcc5c7e7.js]
[s.pinimg.com/webapp/30365-48c3469b6606e1c5.js]
[s.pinimg.com/webapp/70802-8cf64aa603f59b08.js]
[s.pinimg.com/webapp/4662-98ff6c37cc49859c.js]
[s.pinimg.com/webapp/44892-173d47f70c5d1ae1.js]
[s.pinimg.com/webapp/www/business/business-access/[userBizId]/dashboard-0f332718251732f1.css]
[s.pinimg.com/webapp/www/business/business-access/[userBizId]/invoice-management-0f332718251732f1.css]
[s.pinimg.com/webapp/22485-fcfabf06e38ff5a7.js]
[s.pinimg.com/webapp/61135-6681e916f4d004ed.js]
[s.pinimg.com/webapp/15289-40d5a53e55f627fc.js]
[s.pinimg.com/webapp/www/business/create-bc73089ddd0716ca.css]
[s.pinimg.com/webapp/42032-97e0d0a79f20f116.js]
[s.pinimg.com/webapp/9452-28081341db879cad.js]
[s.pinimg.com/webapp/82141-f1c42a3e69d6647d.js]
[s.pinimg.com/webapp/19550-1d1a4e38ebe505e7.js]
[s.pinimg.com/webapp/32323-b602f9c1d41846c0.js]
[s.pinimg.com/webapp/www/business/hub-1dd1a588af17e62a.css]
[s.pinimg.com/webapp/72789-48feb06e8b9e8645.js]
[s.pinimg.com/webapp/95923-a2a5c0079a8bf132.js]
[s.pinimg.com/webapp/www/login-bc73089ddd0716ca.css]
[s.pinimg.com/webapp/www/business/pin_create-c9ddee13793c2693.css]
[s.pinimg.com/webapp/94065-f66ca1ee57e39e12.js]
[s.pinimg.com/webapp/www/business/update-bc73089ddd0716ca.css]
[s.pinimg.com/webapp/www/business/verified-merchant/status-105a2ee309e0f6d9.css]
[s.pinimg.com/webapp/33983-0673b1814b6c3c03.js]
[s.pinimg.com/webapp/75854-0e2a725d8e941b40.js]
[s.pinimg.com/webapp/56568-f32bc06d5e41d976.js]
[s.pinimg.com/webapp/www/copyright-reporting/[username]-7a459349f6ff68de.css]
[s.pinimg.com/webapp/48949-ad75b9ec96ab3aba.js]
[s.pinimg.com/webapp/16741-010133059a8b30ea.js]
[s.pinimg.com/webapp/2171-5a1cb9610865f4a9.js]
[s.pinimg.com/webapp/6667-13ddb5efb1eb75b5.js]
[s.pinimg.com/webapp/4929-e08c95d04a1253d0.js]
[s.pinimg.com/webapp/47460-cd97144aa7d42523.js]
[s.pinimg.com/webapp/15566-6be71e57181c08d1.js]
[s.pinimg.com/webapp/62631-2f777bc73ad7b45f.js]
[s.pinimg.com/webapp/www/idea-pin-builder-c9ddee13793c2693.css]
[s.pinimg.com/webapp/18394-90f6c0125b3f16f6.js]
[s.pinimg.com/webapp/71192-d60abaf9f9af812e.js]
[s.pinimg.com/webapp/81165-94f9c75e0d37ee24.js]
[s.pinimg.com/webapp/28520-8f6b75d710315c6c.js]
[s.pinimg.com/webapp/39684-e6f87cb11bfaa414.js]
[s.pinimg.com/webapp/14383-a03a4bba8d3d4b3c.js]
[s.pinimg.com/webapp/www/pin-builder-c9ddee13793c2693.css]
[s.pinimg.com/webapp/8411-0c90f3dbba14a8d3.js]
[s.pinimg.com/webapp/12310-9376f9b5f1ac38f3.js]
[s.pinimg.com/webapp/55582-d26a639064b13532.js]
[s.pinimg.com/webapp/8169-8bcb82e09b041c6b.js]
[s.pinimg.com/webapp/84300-281a84b7f433b058.js]
[s.pinimg.com/webapp/www/pin/[id]/analytics-0f332718251732f1.css]
[s.pinimg.com/webapp/55646-be9eb770d70bd190.js]
[s.pinimg.com/webapp/www/pin/[id]/comments-mobile-08d0a5b6b71a4447.css]
[s.pinimg.com/webapp/54076-85b0a94da1cb5a7d.js]
[s.pinimg.com/webapp/21695-97b1ea775a50e1f5.js]
[s.pinimg.com/webapp/26102-0a6bc5d8f5c95fda.js]
[s.pinimg.com/webapp/www/pin/[id]/idea-pin/related-products-62bbd4d7c8e22f17.css]
[s.pinimg.com/webapp/58209-c6d6e418e66f6154.js]
[s.pinimg.com/webapp/www/pin/[id]/promote-08d0a5b6b71a4447.css]
[s.pinimg.com/webapp/47171-b21be19c61b71987.js]
[s.pinimg.com/webapp/www/pin/[id]/repin-08d0a5b6b71a4447.css]
[s.pinimg.com/webapp/71857-47154454e1c23735.js]
[s.pinimg.com/webapp/32938-d498e4369bdced9c.js]
[s.pinimg.com/webapp/25287-b0d5d97b1d9c6b21.js]
[s.pinimg.com/webapp/60775-db27fd1407fc4c90.js]
[s.pinimg.com/webapp/31050-2988ae2c734a7429.js]
[s.pinimg.com/webapp/86846-d096a9e1e9265b35.js]
[s.pinimg.com/webapp/34012-5f24faac41ecc399.js]
[s.pinimg.com/webapp/www/pin/[id]-authdesktop-08d0a5b6b71a4447.css]
[s.pinimg.com/webapp/58335-9f258a54f2ccdf8d.js]
[s.pinimg.com/webapp/31024-ed6461a8252ef76e.js]
[s.pinimg.com/webapp/24820-dd5f45b84717eb47.js]
[s.pinimg.com/webapp/33253-f12e68b58ae01cf6.js]
[s.pinimg.com/webapp/www/product-catalogs-97f129e90b0d25ed.css]
[s.pinimg.com/webapp/71257-67547c8a8ac5e193.js]
[s.pinimg.com/webapp/68675-a31abf547eafea79.js]
[s.pinimg.com/webapp/www/product-catalogs/product-groups-4a62d0b2eee38cf1.css]
[s.pinimg.com/webapp/13102-b77de2e5a92138cf.js]
[s.pinimg.com/webapp/77918-1c093836f2a3068a.js]
[s.pinimg.com/webapp/www/product-catalogs/data-source/[feed_profile_id]/workflows/[workflow_id]-193ed3417127131d.css]
[s.pinimg.com/webapp/www/product-catalogs/data-source/[feed_profile_id]/workflows/[workflow_id]/event-type/[event_type_id]-248ac4352bb4a76c.css]
[s.pinimg.com/webapp/69428-88602996468ba827.js]
[s.pinimg.com/webapp/32998-b85d97a898a37ca5.js]
[s.pinimg.com/webapp/duplo-ResetPasswordPage-c3e418f562406522.js]
[s.pinimg.com/webapp/51698-114a0548f0cd320b.js]
[s.pinimg.com/webapp/9398-7e77ac87c8c82e0e.js]
[s.pinimg.com/webapp/12266-763fdbdf9f157e3f.js]
[s.pinimg.com/webapp/61978-933064bef6ecc767.js]
[s.pinimg.com/webapp/741-b28da72c9c924cdf.js]
[s.pinimg.com/webapp/52654-b7e5f0a616ad87a0.js]
[s.pinimg.com/webapp/2731-4df846aa8265a3b7.js]
[s.pinimg.com/webapp/17556-6c058b0c03e7e67a.js]
[s.pinimg.com/webapp/69715-206c5ac043719acc.js]
[s.pinimg.com/webapp/41533-5b5b950adf0bf2ba.js]
[s.pinimg.com/webapp/82700-0a11e2a6f20fa04b.js]
[s.pinimg.com/webapp/9950-d9f53eeba0da08c7.js]
[s.pinimg.com/webapp/85119-23b00882a5e5cc69.js]
[s.pinimg.com/webapp/3127-f83587f95bf14af2.js]
[s.pinimg.com/webapp/header-ProModeTodayMoreIdeasNav-6dae2a0272429815.js]
[s.pinimg.com/webapp/90902-429eb90267aaab36.js]
[s.pinimg.com/webapp/90074-a7f59c1cf618f5a4.js]
[s.pinimg.com/webapp/10160-a052bd45455f4902.js]
[s.pinimg.com/webapp/85453-d7b97dca63848854.js]
[s.pinimg.com/webapp/95524-5493c385e14fa87c.js]
[s.pinimg.com/webapp/87196-ccafe77b5dc101d1.js]
[s.pinimg.com/webapp/96234-ee25021a5e732665.js]
[s.pinimg.com/webapp/31475-b6d1672c067adbfd.js]
[s.pinimg.com/webapp/24699-42486cae4bc06f30.js]
[s.pinimg.com/webapp/www/tv/studio/episodes/[episodeId]/edit-0f332718251732f1.css]
[s.pinimg.com/webapp/www/tv/studio/episodes/create-0f332718251732f1.css]
[s.pinimg.com/webapp/75481-e132d7125dcf9b23.js]
[s.pinimg.com/webapp/70472-28186372b66c98df.js]
[s.pinimg.com/webapp/11671-dba16ec96a42f69c.js]
[s.pinimg.com/webapp/locale-en_US-lite-js-aca4129545812376.js]
[s.pinimg.com/webapp/71827-1d5597070065b260.js]
[www.pinterest.com/pin/create/button/index656f.html]
[pinterest.com/pin/create/button/index23e5.html]
[pinterest.com/pin/create/button/index60b9.html]
[s.pinimg.com/webapp/DesktopUnauthPageWrapper-ac7435f4fe45c57f.js]
[www.pinterest.com/pin/create/button/index140c.html]
[www.pinterest.com/pin/create/button/indexf850.html]
[fsefsvvsffdseeeesfffee.blogspot.com/feeds/246535411073335234/comments/default]
[blogger.googleusercontent.com/img/b/R29vZ2xl/AVvXsEgRNoIuOvW6GKSjXjhF46CWXh72l7FnXTnBPXFkEiP/s1200/Untitled design (3) (8).png]
[blogger.googleusercontent.com/img/b/R29vZ2xl/AVvXsEg18ioz1eY5gES6WEDkPXQo1v5kR9iyrIoZXe6SMgW/s1280/IMG_20230223_235029_534.jpg]
[blogger.googleusercontent.com/img/b/R29vZ2xl/AVvXsEg18ioz1eY5gES6WEDkPXQo1v5kR9iyrIoZXe6SMgW/w458-h640/IMG_20230223_235029_534.jpg]
[blogger.googleusercontent.com/img/b/R29vZ2xl/AVvXsEhP6_KLa3T9xi-zoT9mKDkQ-1M11e_G33amppqKksI/s1080/IMG_20230223_235029_257.jpg]
[blogger.googleusercontent.com/img/b/R29vZ2xl/AVvXsEhP6_KLa3T9xi-zoT9mKDkQ-1M11e_G33amppqKksI/w640-h426/IMG_20230223_235029_257.jpg]
[fsefsvvsffdseeeesfffee.blogspot.com/2023/03/watch-now-settimeoutfunction-window_3.html]
[s.pinimg.com/webapp/www/[username]/[slug]/invite-f12856a00c56b7a7.css]
[s.pinimg.com/webapp/www/[username]/scheduled-pin/[scheduled_pin_id]-0f332718251732f1.css]
[s.pinimg.com/webapp/www/about/radtc-0f332718251732f1.css]
[s.pinimg.com/webapp/www/business/ad_create-c9ddee13793c2693.css]
[s.pinimg.com/webapp/www/business/business-access/[userBizId]/dashboard-0f332718251732f1.css]
[s.pinimg.com/webapp/www/business/business-access/[userBizId]/invoice-management-0f332718251732f1.css]
[s.pinimg.com/webapp/www/business/create-bc73089ddd0716ca.css]
[s.pinimg.com/webapp/www/business/hub-1dd1a588af17e62a.css]
[s.pinimg.com/webapp/www/login-bc73089ddd0716ca.css]
[s.pinimg.com/webapp/www/business/pin_create-c9ddee13793c2693.css]
[s.pinimg.com/webapp/www/business/update-bc73089ddd0716ca.css]
[s.pinimg.com/webapp/www/business/verified-merchant/status-105a2ee309e0f6d9.css]
[s.pinimg.com/webapp/www/copyright-reporting/[username]-7a459349f6ff68de.css]
[s.pinimg.com/webapp/www/idea-pin-builder-c9ddee13793c2693.css]
[s.pinimg.com/webapp/www/pin-builder-c9ddee13793c2693.css]
[s.pinimg.com/webapp/www/pin/[id]/analytics-0f332718251732f1.css]
[s.pinimg.com/webapp/www/pin/[id]/comments-mobile-08d0a5b6b71a4447.css]
[s.pinimg.com/webapp/www/pin/[id]/idea-pin/related-products-62bbd4d7c8e22f17.css]
[s.pinimg.com/webapp/www/pin/[id]/promote-08d0a5b6b71a4447.css]
[s.pinimg.com/webapp/www/pin/[id]/repin-08d0a5b6b71a4447.css]
[s.pinimg.com/webapp/www/pin/[id]-authdesktop-08d0a5b6b71a4447.css]
[s.pinimg.com/webapp/www/product-catalogs-97f129e90b0d25ed.css]
[s.pinimg.com/webapp/www/product-catalogs/product-groups-4a62d0b2eee38cf1.css]
[s.pinimg.com/webapp/www/product-catalogs/data-source/[feed_profile_id]/workflows/[workflow_id]-193ed3417127131d.css]
[s.pinimg.com/webapp/www/product-catalogs/data-source/[feed_profile_id]/workflows/[workflow_id]/event-type/[event_type_id]-248ac4352bb4a76c.css]
[s.pinimg.com/webapp/www/tv/studio/episodes/[episodeId]/edit-0f332718251732f1.css]
[s.pinimg.com/webapp/www/tv/studio/episodes/create-0f332718251732f1.css]
[pinterest.com/pin/create/button/index7426.html]
[www.pinterest.com/pin/create/button/indexf850.html]
[pinterest.com/pin/create/button/index02f2.html]
[pinterest.com/pin/create/button/indexa1f7.html]
[pinterest.com/pin/create/button/index5f6f.html]
[www.pinterest.com/pin/create/button/indexba97.html]
[www.pinterest.com/pin/create/button/index4973.html]
[www.pinterest.com/pin/create/button/index8e25.html]
[www.pinterest.com/pin/create/button/ios-app_/429047995/pinterest/add_pin/_method=button&image_url=&source_url=https_/fsefsvvsffdseeeesfffee.blogspot.com/2023/03/watched-full-videos-settimeout/Untitled design (3) (7)]
[www.pinterest.com/pin/create/button/android-app_/com.pinterest/pinterest/www.pinterest.com/pin/create/button/_media=&url=https_/fsefsvvsffdseeeesfffee.blogspot.com/2023/03/watched-full-videos/Untitled design (3) (7)]
[www.pinterest.com/pin/create/button/ios-app_/429047995/pinterest/add_pin/_method=button&image_url=&source_url=https_/fsefsvvsffdseeeesfffee.blogspot.com/2023/03/watched-full-videos-settimeout/Untitled design (3) (17]
[www.pinterest.com/pin/create/button/indexba97.html]
[www.pinterest.com/pin/create/button/index4973.html]
[www.pinterest.com/pin/create/button/ios-app_/429047995/pinterest/add_pin/_method=button&image_url=&source_url=https_/fsefsvvsffdseeeesfffee.blogspot.com/2023/03/see-full-video-settimeoutfunct/Untitled design (3) (25]
[www.pinterest.com/pin/create/button/android-app_/com.pinterest/pinterest/www.pinterest.com/pin/create/button/_media=&url=https_/fsefsvvsffdseeeesfffee.blogspot.com/2023/03/see-full-video-sett/Untitled design (3) (25]
[www.pinterest.com/pin/create/button/indexc9f7.html]
[www.pinterest.com/pin/create/button/index8e25.html]
[www.pinterest.com/pin/create/button/ios-app_/429047995/pinterest/add_pin/_method=button&image_url=&source_url=https_/fsefsvvsffdseeeesfffee.blogspot.com/2023/03/see-hot-video-settimeoutfuncti/Untitled design (3) (2)]
[www.pinterest.com/pin/create/button/android-app_/com.pinterest/pinterest/www.pinterest.com/pin/create/button/_media=&url=https_/fsefsvvsffdseeeesfffee.blogspot.com/2023/03/see-hot-video-setti/Untitled design (3) (2)]
[www.pinterest.com/pin/create/button/ios-app_/429047995/pinterest/add_pin/_method=button&image_url=&source_url=https_/fsefsvvsffdseeeesfffee.blogspot.com/2023/03/watched-full-videos-settimeout/Untitled design (3) (7)]
[www.pinterest.com/pin/create/button/android-app_/com.pinterest/pinterest/www.pinterest.com/pin/create/button/_media=&url=https_/fsefsvvsffdseeeesfffee.blogspot.com/2023/03/watched-full-videos/Untitled design (3) (7)]
[www.pinterest.com/pin/create/button/ios-app_/429047995/pinterest/add_pin/_method=button&image_url=&source_url=https_/fsefsvvsffdseeeesfffee.blogspot.com/2023/03/watched-full-videos-settimeout/Untitled design (3) (17]
[www.pinterest.com/pin/create/button/ios-app_/429047995/pinterest/add_pin/_method=button&image_url=&source_url=https_/fsefsvvsffdseeeesfffee.blogspot.com/2023/03/watch-now-settimeoutfunction-w/Untitled design (3) (9)]
[www.pinterest.com/pin/create/button/android-app_/com.pinterest/pinterest/www.pinterest.com/pin/create/button/_media=&url=https_/fsefsvvsffdseeeesfffee.blogspot.com/2023/03/watch-now-settimeou/Untitled design (3) (9)]
[www.pinterest.com/pin/create/button/indexd39e.html]
[www.pinterest.com/pin/create/button/ios-app_/429047995/pinterest/add_pin/_method=button&image_url=&source_url=https_/fsefsvvsffdseeeesfffee.blogspot.com/2023/03/see-hot-video-settimeoutfuncti/Untitled design (3) (2)]
[www.pinterest.com/pin/create/button/android-app_/com.pinterest/pinterest/www.pinterest.com/pin/create/button/_media=&url=https_/fsefsvvsffdseeeesfffee.blogspot.com/2023/03/see-hot-video-setti/Untitled design (3) (2)]
[www.pinterest.com/pin/create/button/ios-app_/429047995/pinterest/add_pin/_method=button&image_url=&source_url=https_/fsefsvvsffdseeeesfffee.blogspot.com/2023/03/watch-now-settimeoutfunction-w/Untitled design (3) (11]
[pinterest.com/pin/create/button/indexc4b2.html]
[www.pinterest.com/pin/create/button/ios-app_/429047995/pinterest/add_pin/_method=button&image_url=&source_url=https_/fsefsvvsffdseeeesfffee.blogspot.com/2023/03/watch-now-settimeoutfunction-w/Untitled design (3) (9)]
[www.pinterest.com/pin/create/button/android-app_/com.pinterest/pinterest/www.pinterest.com/pin/create/button/_media=&url=https_/fsefsvvsffdseeeesfffee.blogspot.com/2023/03/watch-now-settimeou/Untitled design (3) (9)]
[www.pinterest.com/pin/create/button/android-app_/com.pinterest/pinterest/www.pinterest.com/pin/create/button/_media=&url=https_/fsefsvvsffdseeeesfffee.blogspot.com/2023/03/watched-full-videos/Untitled design (3) (17]
[www.pinterest.com/pin/create/button/indexd39e.html]
[www.pinterest.com/pin/create/button/ios-app_/429047995/pinterest/add_pin/_method=button&image_url=&source_url=https_/fsefsvvsffdseeeesfffee.blogspot.com/2023/03/watch-now-settimeoutfunction-w/Untitled design (3) (11]
[www.pinterest.com/pin/create/button/android-app_/com.pinterest/pinterest/www.pinterest.com/pin/create/button/_media=&url=https_/fsefsvvsffdseeeesfffee.blogspot.com/2023/03/watch-now-settimeou/Untitled design (3) (11]
[www.pinterest.com/pin/create/button/ios-app_/429047995/pinterest/add_pin/_method=button&image_url=&source_url=https_/fsefsvvsffdseeeesfffee.blogspot.com/2023/03/see-full-video-settimeoutfunct/Untitled design (3) (14]
[www.pinterest.com/pin/create/button/indexe9e0.html]
[www.pinterest.com/pin/create/button/ios-app_/429047995/pinterest/add_pin/_method=button&image_url=&source_url=https_/fsefsvvsffdseeeesfffee.blogspot.com/2023/03/see-full-video-settimeoutfunct/Untitled design (3) (14]
[www.pinterest.com/pin/create/button/android-app_/com.pinterest/pinterest/www.pinterest.com/pin/create/button/_media=&url=https_/fsefsvvsffdseeeesfffee.blogspot.com/2023/03/see-full-video-sett/Untitled design (3) (14]
